// Jest Snapshot v1, https://goo.gl/fbAQLP

exports[`header renders correctly 1`] = `
<div
  className="App"
>
  <header
    className="App-header"
  >
    <a
      href="/"
      onClick={[Function]}
    >
      <h1>
        airSupply
      </h1>
    </a>
    <h6
      id="tag-line"
    >
      an artist in residency world list
    </h6>
    <nav>
      <a
        href="/"
        onClick={[Function]}
      >
        Home
      </a>
      <a
        href="/tips"
        onClick={[Function]}
      >
        Tips
      </a>
      <a
        href="/about"
        onClick={[Function]}
      >
        About
      </a>
      <a
        href="/login"
        onClick={[Function]}
      >
        Login
      </a>
      <div
        className="welcome"
      >
        <a
          href="/bookmarks"
          onClick={[Function]}
        >
          Bookmarks
        </a>
        <a
          href="/add"
          onClick={[Function]}
        >
          Add a Residency
        </a>
        <a
          href="/my/listings"
          onClick={[Function]}
        >
          My Residencies
        </a>
        <a
          href="/login"
          onClick={[Function]}
        >
          
        </a>
      </div>
    </nav>
  </header>
  <div>
    <div
      className="search"
    >
      <form
        onSubmit={[Function]}
      >
        <input
          onChange={[Function]}
        />
        <button>
          Search!
        </button>
      </form>
      <form>
        <label>
          State:
          <select
            name="state"
            onChange={[Function]}
          >
            <option
              disabled={true}
              hidden={true}
              selected={true}
              value=""
            >
              --
            </option>
            <option
              value="AL"
            >
              AL
            </option>
            <option
              value="AK"
            >
              AK
            </option>
            <option
              value="AZ"
            >
              AZ
            </option>
            <option
              value="AR"
            >
              AR
            </option>
            <option
              value="CA"
            >
              CA
            </option>
            <option
              value="CO"
            >
              CO
            </option>
            <option
              value="CT"
            >
              CT
            </option>
            <option
              value="DC"
            >
              DC
            </option>
            <option
              value="DE"
            >
              DE
            </option>
            <option
              value="FL"
            >
              FL
            </option>
            <option
              value="GA"
            >
              GA
            </option>
            <option
              value="HI"
            >
              HI
            </option>
            <option
              value="ID"
            >
              ID
            </option>
            <option
              value="IL"
            >
              IL
            </option>
            <option
              value="IN"
            >
              IN
            </option>
            <option
              value="IA"
            >
              IA
            </option>
            <option
              value="KS"
            >
              KS
            </option>
            <option
              value="KY"
            >
              KY
            </option>
            <option
              value="LA"
            >
              LA
            </option>
            <option
              value="ME"
            >
              ME
            </option>
            <option
              value="MD"
            >
              MD
            </option>
            <option
              value="MA"
            >
              MA
            </option>
            <option
              value="MI"
            >
              MI
            </option>
            <option
              value="MN"
            >
              MN
            </option>
            <option
              value="MS"
            >
              MS
            </option>
            <option
              value="MO"
            >
              MO
            </option>
            <option
              value="MT"
            >
              MT
            </option>
            <option
              value="NE"
            >
              NE
            </option>
            <option
              value="NV"
            >
              NV
            </option>
            <option
              value="NH"
            >
              NH
            </option>
            <option
              value="NJ"
            >
              NJ
            </option>
            <option
              value="NY"
            >
              NY
            </option>
            <option
              value="NC"
            >
              NC
            </option>
            <option
              value="ND"
            >
              ND
            </option>
            <option
              value="OH"
            >
              OH
            </option>
            <option
              value="OK"
            >
              OK
            </option>
            <option
              value="OR"
            >
              OR
            </option>
            <option
              value="PA"
            >
              PA
            </option>
            <option
              value="RI"
            >
              RI
            </option>
            <option
              value="SC"
            >
              SC
            </option>
            <option
              value="SD"
            >
              SD
            </option>
            <option
              value="TN"
            >
              TN
            </option>
            <option
              value="TX"
            >
              TX
            </option>
            <option
              value="UT"
            >
              UT
            </option>
            <option
              value="VT"
            >
              VT
            </option>
            <option
              value="VA"
            >
              VA
            </option>
            <option
              value="WA"
            >
              WA
            </option>
            <option
              value="WI"
            >
              WI
            </option>
            <option
              value="WY"
            >
              WY
            </option>
          </select>
        </label>
      </form>
      <main>
        <ul
          className="residency-list"
        />
      </main>
    </div>
    <div
      style={
        Object {
          "height": "70vh",
          "width": "99%",
        }
      }
    >
      <div
        style={
          Object {
            "height": "100%",
          }
        }
      />
    </div>
    <ul
      className="residency-list"
    />
  </div>
</div>
`;
